// Jest Snapshot v1, https://goo.gl/fbAQLP

exports[`Pruebas en <TodoApp/> Debe de mostrarse correctamente 1`] = `
<div>
  <p
    className="h1"
  >
    To Do App (
    0
    )
  </p>
  <hr />
  <Row
    noGutters={false}
  >
    <Col
      xs={7}
    >
      <TodoList
        handleDelete={[Function]}
        handleToggle={[Function]}
        todos={Array []}
      />
    </Col>
    <Col
      xs={5}
    >
      <TodoAdd
        handleAddTodo={[Function]}
      />
    </Col>
  </Row>
</div>
`;
